
> avmehmetdurdusenwebsite@0.1.0 build
> next build --turbopack

   ▲ Next.js 15.5.4 (Turbopack)
   - Environments: .env.local

   Creating an optimized production build ...
 ✓ Finished writing to disk in 127ms
 ✓ Compiled successfully in 4.1s
   Linting and checking validity of types ...

Failed to compile.

./src/app/admin/announcements/edit/[id]/page.tsx
48:6  Warning: React Hook useEffect has a missing dependency: 'fetchAnnouncement'. Either include it or remove the dependency array.  react-hooks/exhaustive-deps

./src/app/admin/messages/page.tsx
14:3  Warning: 'User' is defined but never used.  @typescript-eslint/no-unused-vars
18:10  Warning: 'colors' is defined but never used.  @typescript-eslint/no-unused-vars
45:6  Warning: React Hook useEffect has a missing dependency: 'fetchMessages'. Either include it or remove the dependency array.  react-hooks/exhaustive-deps

./src/components/RichTextToolbar.tsx
93:20  Error: Unexpected any. Specify a different type.  @typescript-eslint/no-explicit-any
97:26  Error: Unexpected any. Specify a different type.  @typescript-eslint/no-explicit-any
98:26  Error: Unexpected any. Specify a different type.  @typescript-eslint/no-explicit-any
101:30  Error: Unexpected any. Specify a different type.  @typescript-eslint/no-explicit-any
102:30  Error: Unexpected any. Specify a different type.  @typescript-eslint/no-explicit-any

./src/lib/security.ts
32:9  Warning: 'suspiciousPatterns' is assigned a value but never used.  @typescript-eslint/no-unused-vars
99:51  Error: Unexpected any. Specify a different type.  @typescript-eslint/no-explicit-any
111:24  Error: Unexpected any. Specify a different type.  @typescript-eslint/no-explicit-any

./src/services/announcementService.ts
20:38  Error: Unexpected any. Specify a different type.  @typescript-eslint/no-explicit-any
126:23  Error: Unexpected any. Specify a different type.  @typescript-eslint/no-explicit-any

./src/services/articleService.ts
21:38  Error: Unexpected any. Specify a different type.  @typescript-eslint/no-explicit-any
256:23  Error: Unexpected any. Specify a different type.  @typescript-eslint/no-explicit-any

./src/services/contactService.ts
19:38  Error: Unexpected any. Specify a different type.  @typescript-eslint/no-explicit-any

info  - Need to disable some ESLint rules? Learn more here: https://nextjs.org/docs/app/api-reference/config/eslint#disabling-rules
